[2026-07-24 09:08:21] ==================================================
[2026-07-24 09:08:21] 🚀 每日上架任务开始
[2026-07-24 09:08:21] 📦 今日上架: [⚡ GitHub Agent自动化系统] ¥99
[2026-07-24 09:08:21] 📦 打包 github-automation: 4KB
[2026-07-24 09:08:26] ❌ 上架失败: github=True, release=False
[2026-07-24 09:08:26] 📋 更新 products.json
[2026-07-24 09:08:40] 🔍 健康检查: {"github_pages": "✅", "jsdelivr": "✅", "github_api": "✅", "assets_count": "17个zip"}
[2026-07-24 09:08:40] 🏁 每日上架完成
[2026-07-25 09:25:52] ==================================================
[2026-07-25 09:25:52] 🚀 每日上架任务开始
[2026-07-25 09:25:52] 📦 今日上架: [📣 AI内容推流系统] ¥199
[2026-07-25 09:25:52] 📦 打包 content-promoter: 10KB
[2026-07-25 09:25:56] ❌ 上架失败: github=True, release=False
[2026-07-25 09:25:56] 📋 更新 products.json
[2026-07-25 09:26:09] 🔍 健康检查: {"github_pages": "✅", "jsdelivr": "❌ HTTPSConnectionPool(host='raw.githubusercontent.com', port=443): Read timed out. (read timeout=10)", "github_api": "✅", "assets_count": "17个zip"}
[2026-07-25 09:26:09] 🏁 每日上架完成
[2026-07-26 09:09:56] ==================================================
[2026-07-26 09:09:56] 🚀 每日上架任务开始
[2026-07-26 09:09:56] 📦 今日上架: [🔗 n8n工作流自动化系统] ¥149
[2026-07-26 09:09:56] 📦 打包 n8n-workflow: 6KB
[2026-07-26 09:09:59] ❌ 上架失败: github=True, release=False
[2026-07-26 09:09:59] 📋 更新 products.json
[2026-07-26 09:10:06] 🔍 健康检查: {"github_pages": "✅", "jsdelivr": "✅", "github_api": "✅", "assets_count": "17个zip"}
[2026-07-26 09:10:06] 🏁 每日上架完成
[2026-07-27 09:15:15] ==================================================
[2026-07-27 09:15:15] 🚀 每日上架任务开始
[2026-07-27 09:15:15] 📦 今日上架: [🎬 AI视频生成助手] ¥99
[2026-07-27 09:15:15] 📦 打包 video-gen: 11KB
[2026-07-31 09:10:04] ==================================================
[2026-07-31 09:10:04] 🚀 每日上架任务开始
[2026-07-31 09:10:04] 📦 今日上架: [✍️ AI代写定制服务系统] ¥59
[2026-07-31 09:10:04] 📦 打包 ai-writing: 182KB
[2026-08-01 09:26:04] ==================================================
[2026-08-01 09:26:04] 🚀 每日上架任务开始
[2026-08-01 09:26:04] 📦 今日上架: [🌐 跨境电商AI助手] ¥199
[2026-08-01 09:26:05] 📦 打包 cross-border-ai: 179KB
[2026-08-02 09:12:01] ==================================================
[2026-08-02 09:12:01] 🚀 每日上架任务开始
[2026-08-02 09:12:01] 📦 今日上架: [🤖 多平台AI Agent助手] ¥129
[2026-08-02 09:12:01] 📦 打包 ai-agent: 188KB
[2026-08-02 09:12:53] ==================================================
[2026-08-02 09:12:53] 🚀 每日上架任务开始
[2026-08-02 09:12:53] 📦 今日上架: [🤖 多平台AI Agent助手] ¥129
[2026-08-02 09:12:53] 📦 打包 ai-agent: 188KB
[2026-08-02 09:12:58] ✅ 多平台AI Agent助手 已上架
[2026-08-02 09:12:58] 📋 更新 products.json
[2026-08-02 09:13:01] 🔍 健康检查: {"github_pages": "✅", "jsdelivr": "✅", "github_api": "✅", "assets_count": "2个zip"}
[2026-08-02 09:13:01] 🏁 每日上架完成
